// Jest Snapshot v1, https://goo.gl/fbAQLP

exports[`Home renders without exploding 1`] = `
<div>
  My Links Home
</div>
`;
