// Jest Snapshot v1, https://goo.gl/fbAQLP

exports[`LinkNotFound renders without exploding 1`] = `null`;
