// Jest Snapshot v1, https://goo.gl/fbAQLP

exports[`NotFound renders without exploding 1`] = `
<div>
  Not Found
</div>
`;
